// Jest Snapshot v1, https://goo.gl/fbAQLP

exports[`CloseIcon snapshot renders 1`] = `
<div
  className="close"
  onClick={[Function]}
/>
`;
